{
  "version": "1.5.0",
  "plugins_used": [
    {
      "name": "ArtifactoryDetector"
    },
    {
      "name": "AWSKeyDetector"
    },
    {
      "name": "AzureStorageKeyDetector"
    },
    {
      "name": "Base64HighEntropyString",
      "limit": 4.5
    },
    {
      "name": "BasicAuthDetector"
    },
    {
      "name": "CloudantDetector"
    },
    {
      "name": "DiscordBotTokenDetector"
    },
    {
      "name": "GitHubTokenDetector"
    },
    {
      "name": "GitLabTokenDetector"
    },
    {
      "name": "HexHighEntropyString",
      "limit": 3.0
    },
    {
      "name": "IbmCloudIamDetector"
    },
    {
      "name": "IbmCosHmacDetector"
    },
    {
      "name": "IPPublicDetector"
    },
    {
      "name": "JwtTokenDetector"
    },
    {
      "name": "KeywordDetector",
      "keyword_exclude": ""
    },
    {
      "name": "MailchimpDetector"
    },
    {
      "name": "NpmDetector"
    },
    {
      "name": "OpenAIDetector"
    },
    {
      "name": "PrivateKeyDetector"
    },
    {
      "name": "PypiTokenDetector"
    },
    {
      "name": "SendGridDetector"
    },
    {
      "name": "SlackDetector"
    },
    {
      "name": "SoftlayerDetector"
    },
    {
      "name": "SquareOAuthDetector"
    },
    {
      "name": "StripeDetector"
    },
    {
      "name": "TelegramBotTokenDetector"
    },
    {
      "name": "TwilioKeyDetector"
    }
  ],
  "filters_used": [
    {
      "path": "detect_secrets.filters.allowlist.is_line_allowlisted"
    },
    {
      "path": "detect_secrets.filters.common.is_baseline_file",
      "filename": ".secrets.baseline"
    },
    {
      "path": "detect_secrets.filters.common.is_ignored_due_to_verification_policies",
      "min_level": 2
    },
    {
      "path": "detect_secrets.filters.heuristic.is_indirect_reference"
    },
    {
      "path": "detect_secrets.filters.heuristic.is_likely_id_string"
    },
    {
      "path": "detect_secrets.filters.heuristic.is_lock_file"
    },
    {
      "path": "detect_secrets.filters.heuristic.is_not_alphanumeric_string"
    },
    {
      "path": "detect_secrets.filters.heuristic.is_potential_uuid"
    },
    {
      "path": "detect_secrets.filters.heuristic.is_prefixed_with_dollar_sign"
    },
    {
      "path": "detect_secrets.filters.heuristic.is_sequential_string"
    },
    {
      "path": "detect_secrets.filters.heuristic.is_swagger_file"
    },
    {
      "path": "detect_secrets.filters.heuristic.is_templated_secret"
    },
    {
      "path": "detect_secrets.filters.regex.should_exclude_file",
      "pattern": [
        "pnpm-lock\\.yaml|node_modules/|packages/.+/dist/|packages/cachekit-core-ts/index\\.(js|d\\.ts)|\\.snap$"
      ]
    }
  ],
  "results": {
    "packages/cachekit/src/backends/cachekitio-lockable.test.ts": [
      {
        "type": "Secret Keyword",
        "filename": "packages/cachekit/src/backends/cachekitio-lockable.test.ts",
        "hashed_secret": "e0fdd3a410527dc3165e4b0454a4f751532fe2d6",
        "is_verified": false,
        "line_number": 21
      }
    ],
    "packages/cachekit/src/backends/cachekitio-ttl.test.ts": [
      {
        "type": "Secret Keyword",
        "filename": "packages/cachekit/src/backends/cachekitio-ttl.test.ts",
        "hashed_secret": "d5cddcdc91bee2fd64ae234ac73fdd0591c0e3ca",
        "is_verified": false,
        "line_number": 20
      }
    ],
    "packages/cachekit/src/backends/cachekitio.test.ts": [
      {
        "type": "Secret Keyword",
        "filename": "packages/cachekit/src/backends/cachekitio.test.ts",
        "hashed_secret": "9242986caf890b01f4265ee595e88ee087af4b90",
        "is_verified": false,
        "line_number": 19
      },
      {
        "type": "Secret Keyword",
        "filename": "packages/cachekit/src/backends/cachekitio.test.ts",
        "hashed_secret": "a62f2225bf70bfaccbc7f1ef2a397836717377de",
        "is_verified": false,
        "line_number": 45
      },
      {
        "type": "Secret Keyword",
        "filename": "packages/cachekit/src/backends/cachekitio.test.ts",
        "hashed_secret": "310ca4c3a208b51df7a1d454bab0730b474e0d99",
        "is_verified": false,
        "line_number": 358
      }
    ],
    "packages/cachekit/src/intents.test.ts": [
      {
        "type": "Secret Keyword",
        "filename": "packages/cachekit/src/intents.test.ts",
        "hashed_secret": "42c48ae0d1c6bc8d47b3b25fdcf2eb1156cd0c6a",
        "is_verified": false,
        "line_number": 206
      },
      {
        "type": "Secret Keyword",
        "filename": "packages/cachekit/src/intents.test.ts",
        "hashed_secret": "18060b49185cba9a51b0d10290136007c3c8ab00",
        "is_verified": false,
        "line_number": 242
      }
    ],
    "packages/cachekit/test/protocol/cross-sdk-interop.protocol.test.ts": [
      {
        "type": "Hex High Entropy String",
        "filename": "packages/cachekit/test/protocol/cross-sdk-interop.protocol.test.ts",
        "hashed_secret": "43f8a5e00c7a0964cdf90022b9eb2cab0b0f96ca",
        "is_verified": false,
        "line_number": 39
      },
      {
        "type": "Hex High Entropy String",
        "filename": "packages/cachekit/test/protocol/cross-sdk-interop.protocol.test.ts",
        "hashed_secret": "78957630e10fc59808977ffa94afcab92592eb41",
        "is_verified": false,
        "line_number": 46
      },
      {
        "type": "Hex High Entropy String",
        "filename": "packages/cachekit/test/protocol/cross-sdk-interop.protocol.test.ts",
        "hashed_secret": "769703a72cded41716f0bb63f41ba5594f1f9459",
        "is_verified": false,
        "line_number": 47
      },
      {
        "type": "Hex High Entropy String",
        "filename": "packages/cachekit/test/protocol/cross-sdk-interop.protocol.test.ts",
        "hashed_secret": "549cfabd06bf6e6628429cb26091a7fb31658135",
        "is_verified": false,
        "line_number": 54
      },
      {
        "type": "Hex High Entropy String",
        "filename": "packages/cachekit/test/protocol/cross-sdk-interop.protocol.test.ts",
        "hashed_secret": "a3c0c29cee36901e4791679ae22d7259900561a4",
        "is_verified": false,
        "line_number": 55
      },
      {
        "type": "Hex High Entropy String",
        "filename": "packages/cachekit/test/protocol/cross-sdk-interop.protocol.test.ts",
        "hashed_secret": "4b579b62045b402109810e56d7e35dbb5047df7a",
        "is_verified": false,
        "line_number": 339
      },
      {
        "type": "Hex High Entropy String",
        "filename": "packages/cachekit/test/protocol/cross-sdk-interop.protocol.test.ts",
        "hashed_secret": "638d131f1034c3a24b1b8b6829b7c765c85f568b",
        "is_verified": false,
        "line_number": 340
      }
    ],
    "packages/cachekit/test/protocol/fixtures/interop-mode.json": [
      {
        "type": "Hex High Entropy String",
        "filename": "packages/cachekit/test/protocol/fixtures/interop-mode.json",
        "hashed_secret": "8677d2e92b4c4c26aa32448a644b3ddb8f48b2f2",
        "is_verified": false,
        "line_number": 29
      },
      {
        "type": "Hex High Entropy String",
        "filename": "packages/cachekit/test/protocol/fixtures/interop-mode.json",
        "hashed_secret": "d994176f0253fe78052c0b28d5c44a2c10db10b2",
        "is_verified": false,
        "line_number": 39
      },
      {
        "type": "Hex High Entropy String",
        "filename": "packages/cachekit/test/protocol/fixtures/interop-mode.json",
        "hashed_secret": "f6e54dbf4e7fb9833132bcc0d2c7af4173dd1330",
        "is_verified": false,
        "line_number": 53
      },
      {
        "type": "Hex High Entropy String",
        "filename": "packages/cachekit/test/protocol/fixtures/interop-mode.json",
        "hashed_secret": "a8805a8b330e42304195ca4c5c071704b0d0e4f4",
        "is_verified": false,
        "line_number": 67
      },
      {
        "type": "Hex High Entropy String",
        "filename": "packages/cachekit/test/protocol/fixtures/interop-mode.json",
        "hashed_secret": "fcfd2387fae5180f0940a989f790e931e1695e34",
        "is_verified": false,
        "line_number": 77
      },
      {
        "type": "Hex High Entropy String",
        "filename": "packages/cachekit/test/protocol/fixtures/interop-mode.json",
        "hashed_secret": "c350b6b670bf420c6a1c95f0b972eeb28d989377",
        "is_verified": false,
        "line_number": 87
      },
      {
        "type": "Hex High Entropy String",
        "filename": "packages/cachekit/test/protocol/fixtures/interop-mode.json",
        "hashed_secret": "b56b4a08fa225913c8447f29514597561b5b6aff",
        "is_verified": false,
        "line_number": 96
      },
      {
        "type": "Hex High Entropy String",
        "filename": "packages/cachekit/test/protocol/fixtures/interop-mode.json",
        "hashed_secret": "656f686349704b86b3c6b020eb586924094bed75",
        "is_verified": false,
        "line_number": 97
      },
      {
        "type": "Hex High Entropy String",
        "filename": "packages/cachekit/test/protocol/fixtures/interop-mode.json",
        "hashed_secret": "4dbff759506ff7b7be357fbabc37bea9ccdf8b9b",
        "is_verified": false,
        "line_number": 112
      },
      {
        "type": "Hex High Entropy String",
        "filename": "packages/cachekit/test/protocol/fixtures/interop-mode.json",
        "hashed_secret": "0fcf2210617523e17b5190ec2d7bc2d573b59979",
        "is_verified": false,
        "line_number": 129
      },
      {
        "type": "Hex High Entropy String",
        "filename": "packages/cachekit/test/protocol/fixtures/interop-mode.json",
        "hashed_secret": "d4f2eed65576ac519606f79688244a9dcc49001e",
        "is_verified": false,
        "line_number": 142
      },
      {
        "type": "Hex High Entropy String",
        "filename": "packages/cachekit/test/protocol/fixtures/interop-mode.json",
        "hashed_secret": "04d10783bc3242b183c06a79be25e58fa4405d8b",
        "is_verified": false,
        "line_number": 187
      },
      {
        "type": "Hex High Entropy String",
        "filename": "packages/cachekit/test/protocol/fixtures/interop-mode.json",
        "hashed_secret": "47c77092e7c48fad485c9a40c130aed172ae070e",
        "is_verified": false,
        "line_number": 188
      },
      {
        "type": "Hex High Entropy String",
        "filename": "packages/cachekit/test/protocol/fixtures/interop-mode.json",
        "hashed_secret": "44b2949989534c8116af10a43b5502856dcd5ba9",
        "is_verified": false,
        "line_number": 198
      },
      {
        "type": "Hex High Entropy String",
        "filename": "packages/cachekit/test/protocol/fixtures/interop-mode.json",
        "hashed_secret": "e515827ef13f2fb4e25cf5605a0aeffa1ecc0549",
        "is_verified": false,
        "line_number": 208
      },
      {
        "type": "Hex High Entropy String",
        "filename": "packages/cachekit/test/protocol/fixtures/interop-mode.json",
        "hashed_secret": "2666907faa2eee5e43ae71eee94aa6866e7d0cc3",
        "is_verified": false,
        "line_number": 221
      },
      {
        "type": "Hex High Entropy String",
        "filename": "packages/cachekit/test/protocol/fixtures/interop-mode.json",
        "hashed_secret": "76b913f21a6b20b41b55fd683f3c33f3d48eb2d8",
        "is_verified": false,
        "line_number": 222
      },
      {
        "type": "Hex High Entropy String",
        "filename": "packages/cachekit/test/protocol/fixtures/interop-mode.json",
        "hashed_secret": "d46e4e6835383d874f1e18206ada17b35743dae4",
        "is_verified": false,
        "line_number": 236
      },
      {
        "type": "Hex High Entropy String",
        "filename": "packages/cachekit/test/protocol/fixtures/interop-mode.json",
        "hashed_secret": "6c4f110f4fded9d5b156a4b77f68b33dd81f3190",
        "is_verified": false,
        "line_number": 260
      },
      {
        "type": "Hex High Entropy String",
        "filename": "packages/cachekit/test/protocol/fixtures/interop-mode.json",
        "hashed_secret": "3d869c5fe217aa53e9f494b136b60fa843d06144",
        "is_verified": false,
        "line_number": 274
      },
      {
        "type": "Hex High Entropy String",
        "filename": "packages/cachekit/test/protocol/fixtures/interop-mode.json",
        "hashed_secret": "e3441e4a5a89f4844e4f9909068519e76b13a353",
        "is_verified": false,
        "line_number": 290
      },
      {
        "type": "Hex High Entropy String",
        "filename": "packages/cachekit/test/protocol/fixtures/interop-mode.json",
        "hashed_secret": "1c04de001bbd77f1a682f2e7a90875447526e0e1",
        "is_verified": false,
        "line_number": 304
      },
      {
        "type": "Hex High Entropy String",
        "filename": "packages/cachekit/test/protocol/fixtures/interop-mode.json",
        "hashed_secret": "75cb24552348b522b6579d0425043740554ecb8b",
        "is_verified": false,
        "line_number": 305
      },
      {
        "type": "Hex High Entropy String",
        "filename": "packages/cachekit/test/protocol/fixtures/interop-mode.json",
        "hashed_secret": "8ede44f3c12dfd63cf334dd5534cd77c0e34be73",
        "is_verified": false,
        "line_number": 323
      },
      {
        "type": "Hex High Entropy String",
        "filename": "packages/cachekit/test/protocol/fixtures/interop-mode.json",
        "hashed_secret": "9f7e96bf97958de94601f0f3765c98191c02f774",
        "is_verified": false,
        "line_number": 337
      },
      {
        "type": "Hex High Entropy String",
        "filename": "packages/cachekit/test/protocol/fixtures/interop-mode.json",
        "hashed_secret": "c134459fe6b30199a5ab2c219444ed6b46726a68",
        "is_verified": false,
        "line_number": 351
      },
      {
        "type": "Hex High Entropy String",
        "filename": "packages/cachekit/test/protocol/fixtures/interop-mode.json",
        "hashed_secret": "7b6cada8279157007adf8a9047a47ac185c257a3",
        "is_verified": false,
        "line_number": 371
      },
      {
        "type": "Hex High Entropy String",
        "filename": "packages/cachekit/test/protocol/fixtures/interop-mode.json",
        "hashed_secret": "04ab5d27d6fe4a188096409be1299eb1f14f5484",
        "is_verified": false,
        "line_number": 404
      },
      {
        "type": "Hex High Entropy String",
        "filename": "packages/cachekit/test/protocol/fixtures/interop-mode.json",
        "hashed_secret": "c80c3022c1cb3f47fc3139dee12c332d5a411d79",
        "is_verified": false,
        "line_number": 417
      },
      {
        "type": "Hex High Entropy String",
        "filename": "packages/cachekit/test/protocol/fixtures/interop-mode.json",
        "hashed_secret": "08f8c25bc2943572a0453ad25e7b29701f6705f6",
        "is_verified": false,
        "line_number": 418
      },
      {
        "type": "Hex High Entropy String",
        "filename": "packages/cachekit/test/protocol/fixtures/interop-mode.json",
        "hashed_secret": "ac2842d5bb48d0b4aed2ad2a03bd34b70018121e",
        "is_verified": false,
        "line_number": 431
      },
      {
        "type": "Hex High Entropy String",
        "filename": "packages/cachekit/test/protocol/fixtures/interop-mode.json",
        "hashed_secret": "155f47c5b78a4e90113b59abe11867cd8482bea8",
        "is_verified": false,
        "line_number": 432
      },
      {
        "type": "Hex High Entropy String",
        "filename": "packages/cachekit/test/protocol/fixtures/interop-mode.json",
        "hashed_secret": "f95064ae0a021525a4ac09281f84f124b9018023",
        "is_verified": false,
        "line_number": 459
      },
      {
        "type": "Hex High Entropy String",
        "filename": "packages/cachekit/test/protocol/fixtures/interop-mode.json",
        "hashed_secret": "0bcb78e33bb1f929af57e1126b55e708bc573438",
        "is_verified": false,
        "line_number": 460
      },
      {
        "type": "Hex High Entropy String",
        "filename": "packages/cachekit/test/protocol/fixtures/interop-mode.json",
        "hashed_secret": "07982b98f02163bb51f79b513dca40325bf3e43b",
        "is_verified": false,
        "line_number": 474
      },
      {
        "type": "Hex High Entropy String",
        "filename": "packages/cachekit/test/protocol/fixtures/interop-mode.json",
        "hashed_secret": "f70af5f834e12e1917e40a52a6b47ee66db824f2",
        "is_verified": false,
        "line_number": 487
      },
      {
        "type": "Hex High Entropy String",
        "filename": "packages/cachekit/test/protocol/fixtures/interop-mode.json",
        "hashed_secret": "6fb80b90a36c5a47a9a2d067db99da4fe117fb3c",
        "is_verified": false,
        "line_number": 488
      },
      {
        "type": "Hex High Entropy String",
        "filename": "packages/cachekit/test/protocol/fixtures/interop-mode.json",
        "hashed_secret": "5e2103d1c489cc4a8f82e4a10b22190a90df623c",
        "is_verified": false,
        "line_number": 504
      },
      {
        "type": "Hex High Entropy String",
        "filename": "packages/cachekit/test/protocol/fixtures/interop-mode.json",
        "hashed_secret": "45065ee3256a46f7d208fe60ab043388a7942efb",
        "is_verified": false,
        "line_number": 505
      },
      {
        "type": "Hex High Entropy String",
        "filename": "packages/cachekit/test/protocol/fixtures/interop-mode.json",
        "hashed_secret": "be5aef15f4e2838807bbd3eae0273d810d3b06d9",
        "is_verified": false,
        "line_number": 517
      },
      {
        "type": "Hex High Entropy String",
        "filename": "packages/cachekit/test/protocol/fixtures/interop-mode.json",
        "hashed_secret": "e10287fe94b240c3f1b80108a6f38ba327656d1a",
        "is_verified": false,
        "line_number": 548
      },
      {
        "type": "Hex High Entropy String",
        "filename": "packages/cachekit/test/protocol/fixtures/interop-mode.json",
        "hashed_secret": "22451150856583e1d666836db8b8f8069e5180bb",
        "is_verified": false,
        "line_number": 636
      },
      {
        "type": "Hex High Entropy String",
        "filename": "packages/cachekit/test/protocol/fixtures/interop-mode.json",
        "hashed_secret": "43f8a5e00c7a0964cdf90022b9eb2cab0b0f96ca",
        "is_verified": false,
        "line_number": 645
      },
      {
        "type": "Hex High Entropy String",
        "filename": "packages/cachekit/test/protocol/fixtures/interop-mode.json",
        "hashed_secret": "f0890edf4761a1bc77aa54ed51547f2f8bc2bcb3",
        "is_verified": false,
        "line_number": 652
      }
    ],
    "packages/cachekit/test/protocol/wire-format.protocol.test.ts": [
      {
        "type": "Hex High Entropy String",
        "filename": "packages/cachekit/test/protocol/wire-format.protocol.test.ts",
        "hashed_secret": "94a0e90cfabf50717f7f969ff1b8d5335f2b0ed2",
        "is_verified": false,
        "line_number": 157
      },
      {
        "type": "Hex High Entropy String",
        "filename": "packages/cachekit/test/protocol/wire-format.protocol.test.ts",
        "hashed_secret": "2b21ce9d4e7ce00f8be9e9cb2634b5e01c7d91d9",
        "is_verified": false,
        "line_number": 160
      },
      {
        "type": "Hex High Entropy String",
        "filename": "packages/cachekit/test/protocol/wire-format.protocol.test.ts",
        "hashed_secret": "433223517d64226aefd32d9b2e6bebaa8599bddd",
        "is_verified": false,
        "line_number": 165
      }
    ],
    "packages/cachekit/test/workers/fixtures/encryption.json": [
      {
        "type": "Hex High Entropy String",
        "filename": "packages/cachekit/test/workers/fixtures/encryption.json",
        "hashed_secret": "43f8a5e00c7a0964cdf90022b9eb2cab0b0f96ca",
        "is_verified": false,
        "line_number": 14
      },
      {
        "type": "Hex High Entropy String",
        "filename": "packages/cachekit/test/workers/fixtures/encryption.json",
        "hashed_secret": "78957630e10fc59808977ffa94afcab92592eb41",
        "is_verified": false,
        "line_number": 22
      },
      {
        "type": "Hex High Entropy String",
        "filename": "packages/cachekit/test/workers/fixtures/encryption.json",
        "hashed_secret": "769703a72cded41716f0bb63f41ba5594f1f9459",
        "is_verified": false,
        "line_number": 23
      },
      {
        "type": "Hex High Entropy String",
        "filename": "packages/cachekit/test/workers/fixtures/encryption.json",
        "hashed_secret": "549cfabd06bf6e6628429cb26091a7fb31658135",
        "is_verified": false,
        "line_number": 31
      },
      {
        "type": "Hex High Entropy String",
        "filename": "packages/cachekit/test/workers/fixtures/encryption.json",
        "hashed_secret": "a3c0c29cee36901e4791679ae22d7259900561a4",
        "is_verified": false,
        "line_number": 32
      },
      {
        "type": "Hex High Entropy String",
        "filename": "packages/cachekit/test/workers/fixtures/encryption.json",
        "hashed_secret": "4b579b62045b402109810e56d7e35dbb5047df7a",
        "is_verified": false,
        "line_number": 40
      },
      {
        "type": "Hex High Entropy String",
        "filename": "packages/cachekit/test/workers/fixtures/encryption.json",
        "hashed_secret": "638d131f1034c3a24b1b8b6829b7c765c85f568b",
        "is_verified": false,
        "line_number": 41
      },
      {
        "type": "Hex High Entropy String",
        "filename": "packages/cachekit/test/workers/fixtures/encryption.json",
        "hashed_secret": "116f2ce495152812dd69bbf53bc2aec7bd162c2f",
        "is_verified": false,
        "line_number": 50
      },
      {
        "type": "Hex High Entropy String",
        "filename": "packages/cachekit/test/workers/fixtures/encryption.json",
        "hashed_secret": "22f34a89ff4b84b0a42d567afc4bc6f03215fce9",
        "is_verified": false,
        "line_number": 51
      },
      {
        "type": "Hex High Entropy String",
        "filename": "packages/cachekit/test/workers/fixtures/encryption.json",
        "hashed_secret": "2dc4b5882800b90d84e3c55dbb1bc86f9e10afec",
        "is_verified": false,
        "line_number": 60
      },
      {
        "type": "Hex High Entropy String",
        "filename": "packages/cachekit/test/workers/fixtures/encryption.json",
        "hashed_secret": "8cd319de7db08ce5f90acca65a03673e1caeeb63",
        "is_verified": false,
        "line_number": 61
      },
      {
        "type": "Hex High Entropy String",
        "filename": "packages/cachekit/test/workers/fixtures/encryption.json",
        "hashed_secret": "c540f90943c408fb8f8fac5bcee40bf600116dea",
        "is_verified": false,
        "line_number": 70
      },
      {
        "type": "Hex High Entropy String",
        "filename": "packages/cachekit/test/workers/fixtures/encryption.json",
        "hashed_secret": "708b41631e14a432d8ca008c65aae63c2ebaa089",
        "is_verified": false,
        "line_number": 71
      },
      {
        "type": "Hex High Entropy String",
        "filename": "packages/cachekit/test/workers/fixtures/encryption.json",
        "hashed_secret": "f2fb6082faed777b517480aac3ba5ac97d35ef26",
        "is_verified": false,
        "line_number": 80
      },
      {
        "type": "Hex High Entropy String",
        "filename": "packages/cachekit/test/workers/fixtures/encryption.json",
        "hashed_secret": "725a9e93e68823a82cad9ef1872fc37f84bb7418",
        "is_verified": false,
        "line_number": 81
      }
    ],
    "packages/cachekit/test/workers/fixtures/wire-format.json": [
      {
        "type": "Hex High Entropy String",
        "filename": "packages/cachekit/test/workers/fixtures/wire-format.json",
        "hashed_secret": "519ead85e7442a8a58869964bc9478519fea1950",
        "is_verified": false,
        "line_number": 14
      },
      {
        "type": "Hex High Entropy String",
        "filename": "packages/cachekit/test/workers/fixtures/wire-format.json",
        "hashed_secret": "6aaf3817cb7f21bf32cfd5495f81e353a822737a",
        "is_verified": false,
        "line_number": 23
      },
      {
        "type": "Hex High Entropy String",
        "filename": "packages/cachekit/test/workers/fixtures/wire-format.json",
        "hashed_secret": "bf0b65ac0df1a8862edde59968ff2c68edddd2ab",
        "is_verified": false,
        "line_number": 26
      },
      {
        "type": "Hex High Entropy String",
        "filename": "packages/cachekit/test/workers/fixtures/wire-format.json",
        "hashed_secret": "b5447115ba5d472a32f229b470848493a75fc452",
        "is_verified": false,
        "line_number": 32
      },
      {
        "type": "Hex High Entropy String",
        "filename": "packages/cachekit/test/workers/fixtures/wire-format.json",
        "hashed_secret": "eeab9a240a6e1b5cd4b31bf76e14c04603c31a0e",
        "is_verified": false,
        "line_number": 35
      },
      {
        "type": "Hex High Entropy String",
        "filename": "packages/cachekit/test/workers/fixtures/wire-format.json",
        "hashed_secret": "3ee480ba78002544290656ed8e6e8ea9a3168d4c",
        "is_verified": false,
        "line_number": 41
      },
      {
        "type": "Hex High Entropy String",
        "filename": "packages/cachekit/test/workers/fixtures/wire-format.json",
        "hashed_secret": "de624525ee0f0bcc3ac67b93c7f3daa84e16a4c8",
        "is_verified": false,
        "line_number": 50
      },
      {
        "type": "Hex High Entropy String",
        "filename": "packages/cachekit/test/workers/fixtures/wire-format.json",
        "hashed_secret": "4f427ba6e5afa004e2886c43d0995f3a26084add",
        "is_verified": false,
        "line_number": 53
      },
      {
        "type": "Hex High Entropy String",
        "filename": "packages/cachekit/test/workers/fixtures/wire-format.json",
        "hashed_secret": "0be8484018f7fb3ce1af9d6608b7ea5ab87aac96",
        "is_verified": false,
        "line_number": 59
      },
      {
        "type": "Hex High Entropy String",
        "filename": "packages/cachekit/test/workers/fixtures/wire-format.json",
        "hashed_secret": "5413c5e1c886ce3968419c9d148d5abf5612032d",
        "is_verified": false,
        "line_number": 68
      },
      {
        "type": "Hex High Entropy String",
        "filename": "packages/cachekit/test/workers/fixtures/wire-format.json",
        "hashed_secret": "a4602ad5a2840b980a287f16e5f38935617c12b1",
        "is_verified": false,
        "line_number": 79
      },
      {
        "type": "Hex High Entropy String",
        "filename": "packages/cachekit/test/workers/fixtures/wire-format.json",
        "hashed_secret": "cc2b8e82856eada547373d940069c35e59401f95",
        "is_verified": false,
        "line_number": 90
      },
      {
        "type": "Hex High Entropy String",
        "filename": "packages/cachekit/test/workers/fixtures/wire-format.json",
        "hashed_secret": "d1aabed662657d9a22f3d2438149558d24500cf5",
        "is_verified": false,
        "line_number": 101
      },
      {
        "type": "Hex High Entropy String",
        "filename": "packages/cachekit/test/workers/fixtures/wire-format.json",
        "hashed_secret": "32ce41dfcbd2ad529b4e24746b1c237a4f7e498f",
        "is_verified": false,
        "line_number": 112
      },
      {
        "type": "Hex High Entropy String",
        "filename": "packages/cachekit/test/workers/fixtures/wire-format.json",
        "hashed_secret": "2d8a7cd93348976db13c8eceab526cb7ff33fe5e",
        "is_verified": false,
        "line_number": 123
      }
    ]
  },
  "generated_at": "2026-07-29T00:08:01Z"
}
