{
  "version": "1.5.0",
  "plugins_used": [
    {
      "name": "ArtifactoryDetector"
    },
    {
      "name": "AWSKeyDetector"
    },
    {
      "name": "AzureStorageKeyDetector"
    },
    {
      "name": "Base64HighEntropyString",
      "limit": 4.5
    },
    {
      "name": "BasicAuthDetector"
    },
    {
      "name": "CloudantDetector"
    },
    {
      "name": "DiscordBotTokenDetector"
    },
    {
      "name": "GitHubTokenDetector"
    },
    {
      "name": "GitLabTokenDetector"
    },
    {
      "name": "HexHighEntropyString",
      "limit": 3.0
    },
    {
      "name": "IbmCloudIamDetector"
    },
    {
      "name": "IbmCosHmacDetector"
    },
    {
      "name": "IPPublicDetector"
    },
    {
      "name": "JwtTokenDetector"
    },
    {
      "name": "KeywordDetector",
      "keyword_exclude": ""
    },
    {
      "name": "MailchimpDetector"
    },
    {
      "name": "NpmDetector"
    },
    {
      "name": "OpenAIDetector"
    },
    {
      "name": "PrivateKeyDetector"
    },
    {
      "name": "PypiTokenDetector"
    },
    {
      "name": "SendGridDetector"
    },
    {
      "name": "SlackDetector"
    },
    {
      "name": "SoftlayerDetector"
    },
    {
      "name": "SquareOAuthDetector"
    },
    {
      "name": "StripeDetector"
    },
    {
      "name": "TelegramBotTokenDetector"
    },
    {
      "name": "TwilioKeyDetector"
    }
  ],
  "filters_used": [
    {
      "path": "detect_secrets.filters.allowlist.is_line_allowlisted"
    },
    {
      "path": "detect_secrets.filters.common.is_baseline_file",
      "filename": ".secrets.baseline"
    },
    {
      "path": "detect_secrets.filters.common.is_ignored_due_to_verification_policies",
      "min_level": 2
    },
    {
      "path": "detect_secrets.filters.heuristic.is_indirect_reference"
    },
    {
      "path": "detect_secrets.filters.heuristic.is_likely_id_string"
    },
    {
      "path": "detect_secrets.filters.heuristic.is_lock_file"
    },
    {
      "path": "detect_secrets.filters.heuristic.is_not_alphanumeric_string"
    },
    {
      "path": "detect_secrets.filters.heuristic.is_potential_uuid"
    },
    {
      "path": "detect_secrets.filters.heuristic.is_prefixed_with_dollar_sign"
    },
    {
      "path": "detect_secrets.filters.heuristic.is_sequential_string"
    },
    {
      "path": "detect_secrets.filters.heuristic.is_swagger_file"
    },
    {
      "path": "detect_secrets.filters.heuristic.is_templated_secret"
    },
    {
      "path": "detect_secrets.filters.regex.should_exclude_file",
      "pattern": [
        "pnpm-lock\\.yaml|node_modules/|packages/.+/dist/|packages/cachekit-core-ts/index\\.(js|d\\.ts)|\\.snap$"
      ]
    }
  ],
  "results": {
    "packages/cachekit/src/backends/cachekitio-lockable.test.ts": [
      {
        "type": "Secret Keyword",
        "filename": "packages/cachekit/src/backends/cachekitio-lockable.test.ts",
        "hashed_secret": "e0fdd3a410527dc3165e4b0454a4f751532fe2d6",
        "is_verified": false,
        "line_number": 21
      }
    ],
    "packages/cachekit/src/backends/cachekitio-ttl.test.ts": [
      {
        "type": "Secret Keyword",
        "filename": "packages/cachekit/src/backends/cachekitio-ttl.test.ts",
        "hashed_secret": "d5cddcdc91bee2fd64ae234ac73fdd0591c0e3ca",
        "is_verified": false,
        "line_number": 20
      }
    ],
    "packages/cachekit/src/backends/cachekitio.test.ts": [
      {
        "type": "Secret Keyword",
        "filename": "packages/cachekit/src/backends/cachekitio.test.ts",
        "hashed_secret": "9242986caf890b01f4265ee595e88ee087af4b90",
        "is_verified": false,
        "line_number": 19
      },
      {
        "type": "Secret Keyword",
        "filename": "packages/cachekit/src/backends/cachekitio.test.ts",
        "hashed_secret": "a62f2225bf70bfaccbc7f1ef2a397836717377de",
        "is_verified": false,
        "line_number": 45
      },
      {
        "type": "Secret Keyword",
        "filename": "packages/cachekit/src/backends/cachekitio.test.ts",
        "hashed_secret": "310ca4c3a208b51df7a1d454bab0730b474e0d99",
        "is_verified": false,
        "line_number": 358
      }
    ],
    "packages/cachekit/src/intents.test.ts": [
      {
        "type": "Secret Keyword",
        "filename": "packages/cachekit/src/intents.test.ts",
        "hashed_secret": "42c48ae0d1c6bc8d47b3b25fdcf2eb1156cd0c6a",
        "is_verified": false,
        "line_number": 206
      },
      {
        "type": "Secret Keyword",
        "filename": "packages/cachekit/src/intents.test.ts",
        "hashed_secret": "18060b49185cba9a51b0d10290136007c3c8ab00",
        "is_verified": false,
        "line_number": 242
      }
    ],
    "packages/cachekit/test/protocol/cross-sdk-interop.protocol.test.ts": [
      {
        "type": "Hex High Entropy String",
        "filename": "packages/cachekit/test/protocol/cross-sdk-interop.protocol.test.ts",
        "hashed_secret": "43f8a5e00c7a0964cdf90022b9eb2cab0b0f96ca",
        "is_verified": false,
        "line_number": 39
      },
      {
        "type": "Hex High Entropy String",
        "filename": "packages/cachekit/test/protocol/cross-sdk-interop.protocol.test.ts",
        "hashed_secret": "78957630e10fc59808977ffa94afcab92592eb41",
        "is_verified": false,
        "line_number": 46
      },
      {
        "type": "Hex High Entropy String",
        "filename": "packages/cachekit/test/protocol/cross-sdk-interop.protocol.test.ts",
        "hashed_secret": "769703a72cded41716f0bb63f41ba5594f1f9459",
        "is_verified": false,
        "line_number": 47
      },
      {
        "type": "Hex High Entropy String",
        "filename": "packages/cachekit/test/protocol/cross-sdk-interop.protocol.test.ts",
        "hashed_secret": "549cfabd06bf6e6628429cb26091a7fb31658135",
        "is_verified": false,
        "line_number": 54
      },
      {
        "type": "Hex High Entropy String",
        "filename": "packages/cachekit/test/protocol/cross-sdk-interop.protocol.test.ts",
        "hashed_secret": "a3c0c29cee36901e4791679ae22d7259900561a4",
        "is_verified": false,
        "line_number": 55
      },
      {
        "type": "Hex High Entropy String",
        "filename": "packages/cachekit/test/protocol/cross-sdk-interop.protocol.test.ts",
        "hashed_secret": "4b579b62045b402109810e56d7e35dbb5047df7a",
        "is_verified": false,
        "line_number": 339
      },
      {
        "type": "Hex High Entropy String",
        "filename": "packages/cachekit/test/protocol/cross-sdk-interop.protocol.test.ts",
        "hashed_secret": "638d131f1034c3a24b1b8b6829b7c765c85f568b",
        "is_verified": false,
        "line_number": 340
      }
    ],
    "packages/cachekit/test/protocol/wire-format.protocol.test.ts": [
      {
        "type": "Hex High Entropy String",
        "filename": "packages/cachekit/test/protocol/wire-format.protocol.test.ts",
        "hashed_secret": "94a0e90cfabf50717f7f969ff1b8d5335f2b0ed2",
        "is_verified": false,
        "line_number": 135
      },
      {
        "type": "Hex High Entropy String",
        "filename": "packages/cachekit/test/protocol/wire-format.protocol.test.ts",
        "hashed_secret": "433223517d64226aefd32d9b2e6bebaa8599bddd",
        "is_verified": false,
        "line_number": 137
      }
    ]
  },
  "generated_at": "2026-05-17T00:20:23Z"
}
